26-04-22.10:54:51.944 [main            ] INFO  OrderServiceTest       - Starting OrderServiceTest using Java 17 on jjnice with PID 22576 (started by 24209 in D:\自学\java学习\小型支付商城\myddd\myddd-app)
26-04-22.10:54:51.946 [main            ] INFO  OrderServiceTest       - The following 1 profile is active: "dev"
26-04-22.10:54:55.266 [main            ] INFO  OrderServiceTest       - Started OrderServiceTest in 3.749 seconds (JVM running for 4.774)
26-04-22.10:54:56.040 [main            ] INFO  HikariDataSource       - HikariPool-1 - Starting...
26-04-22.10:54:56.325 [main            ] INFO  HikariDataSource       - HikariPool-1 - Start completed.
26-04-22.10:54:56.848 [main            ] INFO  ProductPort            - 营销锁单成功，请检查访问相关接口的结果 response:Response(code=0000, info=成功, data=LockMarketPayOrderResponseDTO(orderId=003842885727, originalPrice=100.00, deductionPrice=10.00, payPrice=90.00, status=0))
26-04-22.10:54:56.985 [main            ] INFO  OrderService           - 测试结果

把我复制到 index.html ->：<form name="punchout_form" method="post" action="https://openapi-sandbox.dl.alipaydev.com/gateway.do?charset=utf-8&method=alipay.trade.page.pay&sign=OKpPg2DBCHO%2B%2F0RcKMDASNd4fmI3kOR4DVqVW46JPJQQC9TmIF%2FEFcmJ55h6YfSwxsaoeCdVHnv13yRM16U2kfun4%2FXnGqUKXYaZlXWH2wkX5YlASwbuemLJ9GqNgqabEAJDgEZNMhOYbPii2vmgbejXXxptpK69431OLPHiaLMx45eZdBiP5hcx2404I6Yp2WYyBrUbaVEA20dk67OcMVseulObd%2BgFQh21nykFxCPegqDfLidyORuAiiDbSejgvrhcrFOr8cP2IT4%2BOl%2BEbvOaS4gie%2B4KTwSV0KkByS0WKfw%2BhD6dgcrTib08D6%2FVoe9vh9%2F%2BXsK%2B8hPyBmD%2FMA%3D%3D&return_url=https%3A%2F%2Fgroup.daoha.top&notify_url=http%3A%2F%2Fdaoha.top%3A15555%2Fapi%2Fv1%2Falipay%2Falipay_notify_url&version=1.0&app_id=9021000159639472&sign_type=RSA2&timestamp=2026-04-22+10%3A54%3A56&alipay_sdk=alipay-sdk-java-4.38.157.ALL&format=json">
<input type="hidden" name="biz_content" value="{&quot;out_trade_no&quot;:&quot;374974877858&quot;,&quot;total_amount&quot;:&quot;90.00&quot;,&quot;subject&quot;:&quot;测试商品&quot;,&quot;product_code&quot;:&quot;FAST_INSTANT_TRADE_PAY&quot;}">
<input type="submit" value="立即支付" style="display:none" >
</form>
<script>document.forms[0].submit();</script>
26-04-22.10:54:56.997 [main            ] INFO  AbstractOrderService   - 创建订单-完成，生成支付单。userid:xiaofuge orderid:374974877858 payurl:<form name="punchout_form" method="post" action="https://openapi-sandbox.dl.alipaydev.com/gateway.do?charset=utf-8&method=alipay.trade.page.pay&sign=OKpPg2DBCHO%2B%2F0RcKMDASNd4fmI3kOR4DVqVW46JPJQQC9TmIF%2FEFcmJ55h6YfSwxsaoeCdVHnv13yRM16U2kfun4%2FXnGqUKXYaZlXWH2wkX5YlASwbuemLJ9GqNgqabEAJDgEZNMhOYbPii2vmgbejXXxptpK69431OLPHiaLMx45eZdBiP5hcx2404I6Yp2WYyBrUbaVEA20dk67OcMVseulObd%2BgFQh21nykFxCPegqDfLidyORuAiiDbSejgvrhcrFOr8cP2IT4%2BOl%2BEbvOaS4gie%2B4KTwSV0KkByS0WKfw%2BhD6dgcrTib08D6%2FVoe9vh9%2F%2BXsK%2B8hPyBmD%2FMA%3D%3D&return_url=https%3A%2F%2Fgroup.daoha.top&notify_url=http%3A%2F%2Fdaoha.top%3A15555%2Fapi%2Fv1%2Falipay%2Falipay_notify_url&version=1.0&app_id=9021000159639472&sign_type=RSA2&timestamp=2026-04-22+10%3A54%3A56&alipay_sdk=alipay-sdk-java-4.38.157.ALL&format=json">
<input type="hidden" name="biz_content" value="{&quot;out_trade_no&quot;:&quot;374974877858&quot;,&quot;total_amount&quot;:&quot;90.00&quot;,&quot;subject&quot;:&quot;测试商品&quot;,&quot;product_code&quot;:&quot;FAST_INSTANT_TRADE_PAY&quot;}">
<input type="submit" value="立即支付" style="display:none" >
</form>
<script>document.forms[0].submit();</script>
26-04-22.10:54:57.012 [main            ] INFO  OrderServiceTest       - 请求参数:{"activityId":100123,"marketTypeVO":"GROUP_BUY_MARKET","productId":"9890001","userId":"xiaofuge"}
26-04-22.10:54:57.017 [main            ] INFO  OrderServiceTest       - 测试结果:{"orderId":"374974877858","payUrl":"<form name=\"punchout_form\" method=\"post\" action=\"https://openapi-sandbox.dl.alipaydev.com/gateway.do?charset=utf-8&method=alipay.trade.page.pay&sign=OKpPg2DBCHO%2B%2F0RcKMDASNd4fmI3kOR4DVqVW46JPJQQC9TmIF%2FEFcmJ55h6YfSwxsaoeCdVHnv13yRM16U2kfun4%2FXnGqUKXYaZlXWH2wkX5YlASwbuemLJ9GqNgqabEAJDgEZNMhOYbPii2vmgbejXXxptpK69431OLPHiaLMx45eZdBiP5hcx2404I6Yp2WYyBrUbaVEA20dk67OcMVseulObd%2BgFQh21nykFxCPegqDfLidyORuAiiDbSejgvrhcrFOr8cP2IT4%2BOl%2BEbvOaS4gie%2B4KTwSV0KkByS0WKfw%2BhD6dgcrTib08D6%2FVoe9vh9%2F%2BXsK%2B8hPyBmD%2FMA%3D%3D&return_url=https%3A%2F%2Fgroup.daoha.top&notify_url=http%3A%2F%2Fdaoha.top%3A15555%2Fapi%2Fv1%2Falipay%2Falipay_notify_url&version=1.0&app_id=9021000159639472&sign_type=RSA2&timestamp=2026-04-22+10%3A54%3A56&alipay_sdk=alipay-sdk-java-4.38.157.ALL&format=json\">\n<input type=\"hidden\" name=\"biz_content\" value=\"{&quot;out_trade_no&quot;:&quot;374974877858&quot;,&quot;total_amount&quot;:&quot;90.00&quot;,&quot;subject&quot;:&quot;测试商品&quot;,&quot;product_code&quot;:&quot;FAST_INSTANT_TRADE_PAY&quot;}\">\n<input type=\"submit\" value=\"立即支付\" style=\"display:none\" >\n</form>\n<script>document.forms[0].submit();</script>"}
26-04-22.10:54:57.028 [SpringApplicationShutdownHook] INFO  HikariDataSource       - HikariPool-1 - Shutdown initiated...
26-04-22.10:54:57.036 [SpringApplicationShutdownHook] INFO  HikariDataSource       - HikariPool-1 - Shutdown completed.
26-04-22.11:14:51.324 [main            ] INFO  OrderServiceTest       - Starting OrderServiceTest using Java 17 on jjnice with PID 14692 (started by 24209 in D:\自学\java学习\小型支付商城\myddd\myddd-app)
26-04-22.11:14:51.326 [main            ] INFO  OrderServiceTest       - The following 1 profile is active: "dev"
26-04-22.11:14:54.353 [main            ] INFO  OrderServiceTest       - Started OrderServiceTest in 3.512 seconds (JVM running for 4.366)
26-04-22.11:14:54.930 [main            ] INFO  HikariDataSource       - HikariPool-1 - Starting...
26-04-22.11:14:55.210 [main            ] INFO  HikariDataSource       - HikariPool-1 - Start completed.
26-04-22.11:14:55.694 [main            ] INFO  ProductPort            - 营销锁单成功，请检查访问相关接口的结果 response:Response(code=0000, info=成功, data=LockMarketPayOrderResponseDTO(orderId=875144141268, originalPrice=100.00, deductionPrice=10.00, payPrice=90.00, status=0))
26-04-22.11:14:55.819 [main            ] INFO  OrderService           - 测试结果

把我复制到 index.html ->：<form name="punchout_form" method="post" action="https://openapi-sandbox.dl.alipaydev.com/gateway.do?charset=utf-8&method=alipay.trade.page.pay&sign=O%2FPQInODX4e%2BIrZ3SotcAOJy5ESVzrA%2F4X%2Fqlsg2Q%2BDImAC3rBHEiv0kiLnKrNmwf7A5CkdX8KCU4vl1zXV%2FYTb3myj3nK%2FegwjSUsRO78VxXbpQhL9XT8i7QHiU39SM%2FiZBhgZgRVhKkGRrA2XdQq1l5je3KCvTDT%2BUpNPPibzgauuDXZ4ZBd4czraW5Gy5nGsi22xHnqlTtvgP1oM6SFdQAO8HVZbPJeUgh0C19eQS9puQP4hHJa7eJmTPv02%2B%2FCY9wHggGpfN8%2Fogc5Km83YiMVQG3iJTwGUAuHH%2Bflh7jmzg%2BTTKHyblWSMNbqR4YlGE9iunuZEmmwh7Gw%2Fs9g%3D%3D&return_url=https%3A%2F%2Fgroup.daoha.top&notify_url=http%3A%2F%2Fdaoha.top%3A15555%2Fapi%2Fv1%2Falipay%2Falipay_notify_url&version=1.0&app_id=9021000159639472&sign_type=RSA2&timestamp=2026-04-22+11%3A14%3A55&alipay_sdk=alipay-sdk-java-4.38.157.ALL&format=json">
<input type="hidden" name="biz_content" value="{&quot;out_trade_no&quot;:&quot;533107206496&quot;,&quot;total_amount&quot;:&quot;90.00&quot;,&quot;subject&quot;:&quot;测试商品&quot;,&quot;product_code&quot;:&quot;FAST_INSTANT_TRADE_PAY&quot;}">
<input type="submit" value="立即支付" style="display:none" >
</form>
<script>document.forms[0].submit();</script>
26-04-22.11:14:55.835 [main            ] INFO  AbstractOrderService   - 创建订单-完成，生成支付单。userid:xiaofuge orderid:533107206496 payurl:<form name="punchout_form" method="post" action="https://openapi-sandbox.dl.alipaydev.com/gateway.do?charset=utf-8&method=alipay.trade.page.pay&sign=O%2FPQInODX4e%2BIrZ3SotcAOJy5ESVzrA%2F4X%2Fqlsg2Q%2BDImAC3rBHEiv0kiLnKrNmwf7A5CkdX8KCU4vl1zXV%2FYTb3myj3nK%2FegwjSUsRO78VxXbpQhL9XT8i7QHiU39SM%2FiZBhgZgRVhKkGRrA2XdQq1l5je3KCvTDT%2BUpNPPibzgauuDXZ4ZBd4czraW5Gy5nGsi22xHnqlTtvgP1oM6SFdQAO8HVZbPJeUgh0C19eQS9puQP4hHJa7eJmTPv02%2B%2FCY9wHggGpfN8%2Fogc5Km83YiMVQG3iJTwGUAuHH%2Bflh7jmzg%2BTTKHyblWSMNbqR4YlGE9iunuZEmmwh7Gw%2Fs9g%3D%3D&return_url=https%3A%2F%2Fgroup.daoha.top&notify_url=http%3A%2F%2Fdaoha.top%3A15555%2Fapi%2Fv1%2Falipay%2Falipay_notify_url&version=1.0&app_id=9021000159639472&sign_type=RSA2&timestamp=2026-04-22+11%3A14%3A55&alipay_sdk=alipay-sdk-java-4.38.157.ALL&format=json">
<input type="hidden" name="biz_content" value="{&quot;out_trade_no&quot;:&quot;533107206496&quot;,&quot;total_amount&quot;:&quot;90.00&quot;,&quot;subject&quot;:&quot;测试商品&quot;,&quot;product_code&quot;:&quot;FAST_INSTANT_TRADE_PAY&quot;}">
<input type="submit" value="立即支付" style="display:none" >
</form>
<script>document.forms[0].submit();</script>
26-04-22.11:14:55.849 [main            ] INFO  OrderServiceTest       - 请求参数:{"activityId":100123,"marketTypeVO":"GROUP_BUY_MARKET","productId":"9890001","userId":"xiaofuge"}
26-04-22.11:14:55.853 [main            ] INFO  OrderServiceTest       - 测试结果:{"orderId":"533107206496","payUrl":"<form name=\"punchout_form\" method=\"post\" action=\"https://openapi-sandbox.dl.alipaydev.com/gateway.do?charset=utf-8&method=alipay.trade.page.pay&sign=O%2FPQInODX4e%2BIrZ3SotcAOJy5ESVzrA%2F4X%2Fqlsg2Q%2BDImAC3rBHEiv0kiLnKrNmwf7A5CkdX8KCU4vl1zXV%2FYTb3myj3nK%2FegwjSUsRO78VxXbpQhL9XT8i7QHiU39SM%2FiZBhgZgRVhKkGRrA2XdQq1l5je3KCvTDT%2BUpNPPibzgauuDXZ4ZBd4czraW5Gy5nGsi22xHnqlTtvgP1oM6SFdQAO8HVZbPJeUgh0C19eQS9puQP4hHJa7eJmTPv02%2B%2FCY9wHggGpfN8%2Fogc5Km83YiMVQG3iJTwGUAuHH%2Bflh7jmzg%2BTTKHyblWSMNbqR4YlGE9iunuZEmmwh7Gw%2Fs9g%3D%3D&return_url=https%3A%2F%2Fgroup.daoha.top&notify_url=http%3A%2F%2Fdaoha.top%3A15555%2Fapi%2Fv1%2Falipay%2Falipay_notify_url&version=1.0&app_id=9021000159639472&sign_type=RSA2&timestamp=2026-04-22+11%3A14%3A55&alipay_sdk=alipay-sdk-java-4.38.157.ALL&format=json\">\n<input type=\"hidden\" name=\"biz_content\" value=\"{&quot;out_trade_no&quot;:&quot;533107206496&quot;,&quot;total_amount&quot;:&quot;90.00&quot;,&quot;subject&quot;:&quot;测试商品&quot;,&quot;product_code&quot;:&quot;FAST_INSTANT_TRADE_PAY&quot;}\">\n<input type=\"submit\" value=\"立即支付\" style=\"display:none\" >\n</form>\n<script>document.forms[0].submit();</script>"}
26-04-22.11:14:55.862 [SpringApplicationShutdownHook] INFO  HikariDataSource       - HikariPool-1 - Shutdown initiated...
26-04-22.11:14:55.869 [SpringApplicationShutdownHook] INFO  HikariDataSource       - HikariPool-1 - Shutdown completed.
26-04-22.11:17:29.688 [main            ] INFO  OrderServiceTest       - Starting OrderServiceTest using Java 17 on jjnice with PID 29652 (started by 24209 in D:\自学\java学习\小型支付商城\myddd\myddd-app)
26-04-22.11:17:29.689 [main            ] INFO  OrderServiceTest       - The following 1 profile is active: "dev"
26-04-22.11:17:32.617 [main            ] INFO  OrderServiceTest       - Started OrderServiceTest in 3.42 seconds (JVM running for 4.191)
26-04-22.11:17:33.128 [main            ] INFO  HikariDataSource       - HikariPool-1 - Starting...
26-04-22.11:17:33.362 [main            ] INFO  HikariDataSource       - HikariPool-1 - Start completed.
26-04-22.11:17:33.602 [main            ] INFO  ProductPort            - 营销锁单成功，请检查访问相关接口的结果 response:Response(code=0000, info=成功, data=LockMarketPayOrderResponseDTO(orderId=106098724102, originalPrice=100.00, deductionPrice=10.00, payPrice=90.00, status=0))
26-04-22.11:17:33.786 [main            ] INFO  OrderService           - 测试结果

把我复制到 index.html ->：<form name="punchout_form" method="post" action="https://openapi-sandbox.dl.alipaydev.com/gateway.do?charset=utf-8&method=alipay.trade.page.pay&sign=d00cYmIppNGKTMlDJbZ4tq7AHKWlSXAg%2FWHlotmOpNuUZcAWCDpIaedvWapMbmltOcowdDJnjWw5vWaR6ycktkDNwQlZdD7MEUVdHqHoh5%2BM5EPv1FiqnMisCXt2CCaq4hhix9Fo9fh2bP9ZEl19zUSrEm89%2FRZjI%2F8nF9a8LiKI3W1CTpnVfX62FO1%2FI6%2FpXOijJEdvRk3vSC%2F1pekmDiCe2lzZt%2B5kwP3svv8pmpH2FbTS7tz8Xo9otDiP3gqHoOF%2Fr6SJ%2F1z0U7Jj7kC6RzEwSz%2Fs7aKq8ZZnvF%2FCU5U05hOqKuqYxM27IeIYcUJdaKBvmak5lZUP7w%2Fbs2u2gw%3D%3D&return_url=https%3A%2F%2Fgroup.daoha.top&notify_url=http%3A%2F%2Fdaoha.top%3A15555%2Fapi%2Fv1%2Falipay%2Falipay_notify_url&version=1.0&app_id=9021000159639472&sign_type=RSA2&timestamp=2026-04-22+11%3A17%3A33&alipay_sdk=alipay-sdk-java-4.38.157.ALL&format=json">
<input type="hidden" name="biz_content" value="{&quot;out_trade_no&quot;:&quot;680434576179&quot;,&quot;total_amount&quot;:&quot;90.00&quot;,&quot;subject&quot;:&quot;测试商品&quot;,&quot;product_code&quot;:&quot;FAST_INSTANT_TRADE_PAY&quot;}">
<input type="submit" value="立即支付" style="display:none" >
</form>
<script>document.forms[0].submit();</script>
26-04-22.11:17:33.809 [main            ] INFO  AbstractOrderService   - 创建订单-完成，生成支付单。userid:gdk orderid:680434576179 payurl:<form name="punchout_form" method="post" action="https://openapi-sandbox.dl.alipaydev.com/gateway.do?charset=utf-8&method=alipay.trade.page.pay&sign=d00cYmIppNGKTMlDJbZ4tq7AHKWlSXAg%2FWHlotmOpNuUZcAWCDpIaedvWapMbmltOcowdDJnjWw5vWaR6ycktkDNwQlZdD7MEUVdHqHoh5%2BM5EPv1FiqnMisCXt2CCaq4hhix9Fo9fh2bP9ZEl19zUSrEm89%2FRZjI%2F8nF9a8LiKI3W1CTpnVfX62FO1%2FI6%2FpXOijJEdvRk3vSC%2F1pekmDiCe2lzZt%2B5kwP3svv8pmpH2FbTS7tz8Xo9otDiP3gqHoOF%2Fr6SJ%2F1z0U7Jj7kC6RzEwSz%2Fs7aKq8ZZnvF%2FCU5U05hOqKuqYxM27IeIYcUJdaKBvmak5lZUP7w%2Fbs2u2gw%3D%3D&return_url=https%3A%2F%2Fgroup.daoha.top&notify_url=http%3A%2F%2Fdaoha.top%3A15555%2Fapi%2Fv1%2Falipay%2Falipay_notify_url&version=1.0&app_id=9021000159639472&sign_type=RSA2&timestamp=2026-04-22+11%3A17%3A33&alipay_sdk=alipay-sdk-java-4.38.157.ALL&format=json">
<input type="hidden" name="biz_content" value="{&quot;out_trade_no&quot;:&quot;680434576179&quot;,&quot;total_amount&quot;:&quot;90.00&quot;,&quot;subject&quot;:&quot;测试商品&quot;,&quot;product_code&quot;:&quot;FAST_INSTANT_TRADE_PAY&quot;}">
<input type="submit" value="立即支付" style="display:none" >
</form>
<script>document.forms[0].submit();</script>
26-04-22.11:17:33.824 [main            ] INFO  OrderServiceTest       - 请求参数:{"activityId":100123,"marketTypeVO":"GROUP_BUY_MARKET","productId":"9890001","userId":"gdk"}
26-04-22.11:17:33.827 [main            ] INFO  OrderServiceTest       - 测试结果:{"orderId":"680434576179","payUrl":"<form name=\"punchout_form\" method=\"post\" action=\"https://openapi-sandbox.dl.alipaydev.com/gateway.do?charset=utf-8&method=alipay.trade.page.pay&sign=d00cYmIppNGKTMlDJbZ4tq7AHKWlSXAg%2FWHlotmOpNuUZcAWCDpIaedvWapMbmltOcowdDJnjWw5vWaR6ycktkDNwQlZdD7MEUVdHqHoh5%2BM5EPv1FiqnMisCXt2CCaq4hhix9Fo9fh2bP9ZEl19zUSrEm89%2FRZjI%2F8nF9a8LiKI3W1CTpnVfX62FO1%2FI6%2FpXOijJEdvRk3vSC%2F1pekmDiCe2lzZt%2B5kwP3svv8pmpH2FbTS7tz8Xo9otDiP3gqHoOF%2Fr6SJ%2F1z0U7Jj7kC6RzEwSz%2Fs7aKq8ZZnvF%2FCU5U05hOqKuqYxM27IeIYcUJdaKBvmak5lZUP7w%2Fbs2u2gw%3D%3D&return_url=https%3A%2F%2Fgroup.daoha.top&notify_url=http%3A%2F%2Fdaoha.top%3A15555%2Fapi%2Fv1%2Falipay%2Falipay_notify_url&version=1.0&app_id=9021000159639472&sign_type=RSA2&timestamp=2026-04-22+11%3A17%3A33&alipay_sdk=alipay-sdk-java-4.38.157.ALL&format=json\">\n<input type=\"hidden\" name=\"biz_content\" value=\"{&quot;out_trade_no&quot;:&quot;680434576179&quot;,&quot;total_amount&quot;:&quot;90.00&quot;,&quot;subject&quot;:&quot;测试商品&quot;,&quot;product_code&quot;:&quot;FAST_INSTANT_TRADE_PAY&quot;}\">\n<input type=\"submit\" value=\"立即支付\" style=\"display:none\" >\n</form>\n<script>document.forms[0].submit();</script>"}
26-04-22.11:17:33.840 [SpringApplicationShutdownHook] INFO  HikariDataSource       - HikariPool-1 - Shutdown initiated...
26-04-22.11:17:33.845 [SpringApplicationShutdownHook] INFO  HikariDataSource       - HikariPool-1 - Shutdown completed.
26-04-22.11:42:19.564 [main            ] INFO  OrderServiceTest       - Starting OrderServiceTest using Java 17 on jjnice with PID 11900 (started by 24209 in D:\自学\java学习\小型支付商城\myddd\myddd-app)
26-04-22.11:42:19.564 [main            ] INFO  OrderServiceTest       - The following 1 profile is active: "dev"
26-04-22.11:42:22.447 [main            ] INFO  OrderServiceTest       - Started OrderServiceTest in 3.363 seconds (JVM running for 4.228)
26-04-22.11:42:22.960 [main            ] INFO  HikariDataSource       - HikariPool-1 - Starting...
26-04-22.11:42:23.208 [main            ] INFO  HikariDataSource       - HikariPool-1 - Start completed.
26-04-22.11:42:23.730 [main            ] INFO  ProductPort            - 营销锁单成功，请检查访问相关接口的结果 response:Response(code=0000, info=成功, data=LockMarketPayOrderResponseDTO(orderId=828805309113, originalPrice=100.00, deductionPrice=10.00, payPrice=90.00, status=0))
26-04-22.11:42:23.852 [main            ] INFO  OrderService           - 测试结果

把我复制到 index.html ->：<form name="punchout_form" method="post" action="https://openapi-sandbox.dl.alipaydev.com/gateway.do?charset=utf-8&method=alipay.trade.page.pay&sign=g2JPyafyXQdUTy580j%2F0FQ%2FqiAT%2FE3xD0TaooFIhNIfvQuMC%2FPdVuJuPFPtw2H%2FpMkStAYvSf1H%2FxNEeciqtx3KWZD%2FxYCSpJKlIxYQ3g3jXigjSsbTieFczDHQ0tvysKf6ysBPNUBbs2SAqszZXmAjPdI2oaIDCA6FfxpOyu4q0IRBsL882A7qg2mT7Ia2zy1743Fxyq7qeMbLf%2BdV62TqfHr6PQFH%2B19d75xSijJ49dHvRg9YmITVf12atxE1x4vc0bVeqgBrlzu06ta2F50Ble5%2BLhgQEOxCsgUzPSYpqbUAa9IhsjtRELeQ4ONLMDUqCTpT1ayxBiBcPNCdVyw%3D%3D&return_url=https%3A%2F%2Fgroup.daoha.top&notify_url=http%3A%2F%2Fdaoha.top%3A15555%2Fapi%2Fv1%2Falipay%2Falipay_notify_url&version=1.0&app_id=9021000159639472&sign_type=RSA2&timestamp=2026-04-22+11%3A42%3A23&alipay_sdk=alipay-sdk-java-4.38.157.ALL&format=json">
<input type="hidden" name="biz_content" value="{&quot;out_trade_no&quot;:&quot;671473898302&quot;,&quot;total_amount&quot;:&quot;90.00&quot;,&quot;subject&quot;:&quot;测试商品&quot;,&quot;product_code&quot;:&quot;FAST_INSTANT_TRADE_PAY&quot;}">
<input type="submit" value="立即支付" style="display:none" >
</form>
<script>document.forms[0].submit();</script>
26-04-22.11:42:23.874 [main            ] INFO  AbstractOrderService   - 创建订单-完成，生成支付单。userid:gdk orderid:671473898302 payurl:<form name="punchout_form" method="post" action="https://openapi-sandbox.dl.alipaydev.com/gateway.do?charset=utf-8&method=alipay.trade.page.pay&sign=g2JPyafyXQdUTy580j%2F0FQ%2FqiAT%2FE3xD0TaooFIhNIfvQuMC%2FPdVuJuPFPtw2H%2FpMkStAYvSf1H%2FxNEeciqtx3KWZD%2FxYCSpJKlIxYQ3g3jXigjSsbTieFczDHQ0tvysKf6ysBPNUBbs2SAqszZXmAjPdI2oaIDCA6FfxpOyu4q0IRBsL882A7qg2mT7Ia2zy1743Fxyq7qeMbLf%2BdV62TqfHr6PQFH%2B19d75xSijJ49dHvRg9YmITVf12atxE1x4vc0bVeqgBrlzu06ta2F50Ble5%2BLhgQEOxCsgUzPSYpqbUAa9IhsjtRELeQ4ONLMDUqCTpT1ayxBiBcPNCdVyw%3D%3D&return_url=https%3A%2F%2Fgroup.daoha.top&notify_url=http%3A%2F%2Fdaoha.top%3A15555%2Fapi%2Fv1%2Falipay%2Falipay_notify_url&version=1.0&app_id=9021000159639472&sign_type=RSA2&timestamp=2026-04-22+11%3A42%3A23&alipay_sdk=alipay-sdk-java-4.38.157.ALL&format=json">
<input type="hidden" name="biz_content" value="{&quot;out_trade_no&quot;:&quot;671473898302&quot;,&quot;total_amount&quot;:&quot;90.00&quot;,&quot;subject&quot;:&quot;测试商品&quot;,&quot;product_code&quot;:&quot;FAST_INSTANT_TRADE_PAY&quot;}">
<input type="submit" value="立即支付" style="display:none" >
</form>
<script>document.forms[0].submit();</script>
26-04-22.11:42:23.888 [main            ] INFO  OrderServiceTest       - 请求参数:{"activityId":100123,"marketTypeVO":"GROUP_BUY_MARKET","productId":"9890001","userId":"gdk"}
26-04-22.11:42:23.891 [main            ] INFO  OrderServiceTest       - 测试结果:{"orderId":"671473898302","payUrl":"<form name=\"punchout_form\" method=\"post\" action=\"https://openapi-sandbox.dl.alipaydev.com/gateway.do?charset=utf-8&method=alipay.trade.page.pay&sign=g2JPyafyXQdUTy580j%2F0FQ%2FqiAT%2FE3xD0TaooFIhNIfvQuMC%2FPdVuJuPFPtw2H%2FpMkStAYvSf1H%2FxNEeciqtx3KWZD%2FxYCSpJKlIxYQ3g3jXigjSsbTieFczDHQ0tvysKf6ysBPNUBbs2SAqszZXmAjPdI2oaIDCA6FfxpOyu4q0IRBsL882A7qg2mT7Ia2zy1743Fxyq7qeMbLf%2BdV62TqfHr6PQFH%2B19d75xSijJ49dHvRg9YmITVf12atxE1x4vc0bVeqgBrlzu06ta2F50Ble5%2BLhgQEOxCsgUzPSYpqbUAa9IhsjtRELeQ4ONLMDUqCTpT1ayxBiBcPNCdVyw%3D%3D&return_url=https%3A%2F%2Fgroup.daoha.top&notify_url=http%3A%2F%2Fdaoha.top%3A15555%2Fapi%2Fv1%2Falipay%2Falipay_notify_url&version=1.0&app_id=9021000159639472&sign_type=RSA2&timestamp=2026-04-22+11%3A42%3A23&alipay_sdk=alipay-sdk-java-4.38.157.ALL&format=json\">\n<input type=\"hidden\" name=\"biz_content\" value=\"{&quot;out_trade_no&quot;:&quot;671473898302&quot;,&quot;total_amount&quot;:&quot;90.00&quot;,&quot;subject&quot;:&quot;测试商品&quot;,&quot;product_code&quot;:&quot;FAST_INSTANT_TRADE_PAY&quot;}\">\n<input type=\"submit\" value=\"立即支付\" style=\"display:none\" >\n</form>\n<script>document.forms[0].submit();</script>"}
26-04-22.11:42:23.904 [SpringApplicationShutdownHook] INFO  HikariDataSource       - HikariPool-1 - Shutdown initiated...
26-04-22.11:42:23.913 [SpringApplicationShutdownHook] INFO  HikariDataSource       - HikariPool-1 - Shutdown completed.
26-04-22.12:00:13.561 [main            ] INFO  OrderServiceTest       - Starting OrderServiceTest using Java 17 on jjnice with PID 32760 (started by 24209 in D:\自学\java学习\小型支付商城\myddd\myddd-app)
26-04-22.12:00:13.561 [main            ] INFO  OrderServiceTest       - The following 1 profile is active: "dev"
26-04-22.12:00:16.612 [main            ] INFO  OrderServiceTest       - Started OrderServiceTest in 3.499 seconds (JVM running for 4.257)
26-04-22.12:00:17.169 [main            ] INFO  HikariDataSource       - HikariPool-1 - Starting...
26-04-22.12:00:17.455 [main            ] INFO  HikariDataSource       - HikariPool-1 - Start completed.
26-04-22.12:00:18.101 [main            ] INFO  ProductPort            - 营销锁单成功，请检查访问相关接口的结果 response:Response(code=0000, info=成功, data=LockMarketPayOrderResponseDTO(orderId=684404456636, originalPrice=100.00, deductionPrice=10.00, payPrice=90.00, status=0))
26-04-22.12:00:18.225 [main            ] INFO  OrderService           - 测试结果

把我复制到 index.html ->：<form name="punchout_form" method="post" action="https://openapi-sandbox.dl.alipaydev.com/gateway.do?charset=utf-8&method=alipay.trade.page.pay&sign=D52TVnVCY8uw7vJL5ExHNg8YXYy3SCmUYa5sMjdBbK3pjaLtsdl6%2Fb7Wf3Gwg8bssDEd7HsRXviGW7S1NPfxgM%2BH5lczDeb%2BazFlTCeh8cAbObnmunFkXy4noIujV7JO51CdRmSsrKuNOkObtzLEigJkTC8Fht6JqEcpTcwvCTHMK5jNxZTt0YRKlwMKudizsu%2Fex%2B4paFyxux3SXUWxdvZNQk3yUGokLQcKggNFPoaJXA2QZc1MvEKb%2Fp0yfVSoVIpI7rEbu8IcDJWR5N8xl29CEYgzUGHsDZuEccLtqHYe2KKxiUK3hx8AmPVn1ttnKMMsEXJPaleTaLH23hze1w%3D%3D&return_url=https%3A%2F%2Fgroup.daoha.top&notify_url=http%3A%2F%2Fdaoha.top%3A15555%2Fapi%2Fv1%2Falipay%2Falipay_notify_url&version=1.0&app_id=9021000159639472&sign_type=RSA2&timestamp=2026-04-22+12%3A00%3A18&alipay_sdk=alipay-sdk-java-4.38.157.ALL&format=json">
<input type="hidden" name="biz_content" value="{&quot;out_trade_no&quot;:&quot;527557365490&quot;,&quot;total_amount&quot;:&quot;90.00&quot;,&quot;subject&quot;:&quot;测试商品&quot;,&quot;product_code&quot;:&quot;FAST_INSTANT_TRADE_PAY&quot;}">
<input type="submit" value="立即支付" style="display:none" >
</form>
<script>document.forms[0].submit();</script>
26-04-22.12:00:18.240 [main            ] INFO  AbstractOrderService   - 创建订单-完成，生成支付单。userid:gdk orderid:527557365490 payurl:<form name="punchout_form" method="post" action="https://openapi-sandbox.dl.alipaydev.com/gateway.do?charset=utf-8&method=alipay.trade.page.pay&sign=D52TVnVCY8uw7vJL5ExHNg8YXYy3SCmUYa5sMjdBbK3pjaLtsdl6%2Fb7Wf3Gwg8bssDEd7HsRXviGW7S1NPfxgM%2BH5lczDeb%2BazFlTCeh8cAbObnmunFkXy4noIujV7JO51CdRmSsrKuNOkObtzLEigJkTC8Fht6JqEcpTcwvCTHMK5jNxZTt0YRKlwMKudizsu%2Fex%2B4paFyxux3SXUWxdvZNQk3yUGokLQcKggNFPoaJXA2QZc1MvEKb%2Fp0yfVSoVIpI7rEbu8IcDJWR5N8xl29CEYgzUGHsDZuEccLtqHYe2KKxiUK3hx8AmPVn1ttnKMMsEXJPaleTaLH23hze1w%3D%3D&return_url=https%3A%2F%2Fgroup.daoha.top&notify_url=http%3A%2F%2Fdaoha.top%3A15555%2Fapi%2Fv1%2Falipay%2Falipay_notify_url&version=1.0&app_id=9021000159639472&sign_type=RSA2&timestamp=2026-04-22+12%3A00%3A18&alipay_sdk=alipay-sdk-java-4.38.157.ALL&format=json">
<input type="hidden" name="biz_content" value="{&quot;out_trade_no&quot;:&quot;527557365490&quot;,&quot;total_amount&quot;:&quot;90.00&quot;,&quot;subject&quot;:&quot;测试商品&quot;,&quot;product_code&quot;:&quot;FAST_INSTANT_TRADE_PAY&quot;}">
<input type="submit" value="立即支付" style="display:none" >
</form>
<script>document.forms[0].submit();</script>
26-04-22.12:00:18.255 [main            ] INFO  OrderServiceTest       - 请求参数:{"activityId":100123,"marketTypeVO":"GROUP_BUY_MARKET","productId":"9890001","userId":"gdk"}
26-04-22.12:00:18.258 [main            ] INFO  OrderServiceTest       - 测试结果:{"orderId":"527557365490","payUrl":"<form name=\"punchout_form\" method=\"post\" action=\"https://openapi-sandbox.dl.alipaydev.com/gateway.do?charset=utf-8&method=alipay.trade.page.pay&sign=D52TVnVCY8uw7vJL5ExHNg8YXYy3SCmUYa5sMjdBbK3pjaLtsdl6%2Fb7Wf3Gwg8bssDEd7HsRXviGW7S1NPfxgM%2BH5lczDeb%2BazFlTCeh8cAbObnmunFkXy4noIujV7JO51CdRmSsrKuNOkObtzLEigJkTC8Fht6JqEcpTcwvCTHMK5jNxZTt0YRKlwMKudizsu%2Fex%2B4paFyxux3SXUWxdvZNQk3yUGokLQcKggNFPoaJXA2QZc1MvEKb%2Fp0yfVSoVIpI7rEbu8IcDJWR5N8xl29CEYgzUGHsDZuEccLtqHYe2KKxiUK3hx8AmPVn1ttnKMMsEXJPaleTaLH23hze1w%3D%3D&return_url=https%3A%2F%2Fgroup.daoha.top&notify_url=http%3A%2F%2Fdaoha.top%3A15555%2Fapi%2Fv1%2Falipay%2Falipay_notify_url&version=1.0&app_id=9021000159639472&sign_type=RSA2&timestamp=2026-04-22+12%3A00%3A18&alipay_sdk=alipay-sdk-java-4.38.157.ALL&format=json\">\n<input type=\"hidden\" name=\"biz_content\" value=\"{&quot;out_trade_no&quot;:&quot;527557365490&quot;,&quot;total_amount&quot;:&quot;90.00&quot;,&quot;subject&quot;:&quot;测试商品&quot;,&quot;product_code&quot;:&quot;FAST_INSTANT_TRADE_PAY&quot;}\">\n<input type=\"submit\" value=\"立即支付\" style=\"display:none\" >\n</form>\n<script>document.forms[0].submit();</script>"}
26-04-22.12:00:18.270 [SpringApplicationShutdownHook] INFO  HikariDataSource       - HikariPool-1 - Shutdown initiated...
26-04-22.12:00:18.276 [SpringApplicationShutdownHook] INFO  HikariDataSource       - HikariPool-1 - Shutdown completed.
26-04-22.12:09:31.457 [main            ] INFO  OrderServiceTest       - Starting OrderServiceTest using Java 17 on jjnice with PID 33824 (started by 24209 in D:\自学\java学习\小型支付商城\myddd\myddd-app)
26-04-22.12:09:31.457 [main            ] INFO  OrderServiceTest       - The following 1 profile is active: "dev"
26-04-22.12:09:34.728 [main            ] INFO  OrderServiceTest       - Started OrderServiceTest in 3.737 seconds (JVM running for 4.525)
26-04-22.12:09:35.257 [main            ] INFO  HikariDataSource       - HikariPool-1 - Starting...
26-04-22.12:09:35.569 [main            ] INFO  HikariDataSource       - HikariPool-1 - Start completed.
26-04-22.12:09:36.202 [main            ] INFO  ProductPort            - 营销锁单成功，请检查访问相关接口的结果 response:Response(code=0000, info=成功, data=LockMarketPayOrderResponseDTO(orderId=252548642957, originalPrice=100.00, deductionPrice=10.00, payPrice=90.00, status=0))
26-04-22.12:09:36.325 [main            ] INFO  OrderService           - 测试结果

把我复制到 index.html ->：<form name="punchout_form" method="post" action="https://openapi-sandbox.dl.alipaydev.com/gateway.do?charset=utf-8&method=alipay.trade.page.pay&sign=A8hgInNSnLjUme1GD7EKaMEaJVfZwmeuqEE87n6WsM0cDIiob73kDgG6jKCXXy7AwVhpSVK1Lww7J7TI2%2FLdFlrtwAeoSqzxQqE9Skw0rQXfhAlKIX8BYqWPU049Zm%2FGx5sPBJBMnVDbuRQpLXKCMX6tf%2FYsNZus30o9We3218kGAgewF102EFgUri5b1hYATVJJXLQGjDHjyf1RUAsLK4fJzR489wUkyM3ENk90g1fnz4H6C9XWbyuDAOFKk5U03jxr3hXa%2FACgGox4pxOlCROxJGzHsotPVITsVD3i8EDoCH9opyKHeUD7x%2BTzd%2FA%2BkiT06gIxyw8UpdYuy8RpSg%3D%3D&return_url=https%3A%2F%2Fgroup.daoha.top&notify_url=http%3A%2F%2Fdaoha.top%3A15555%2Fapi%2Fv1%2Falipay%2Falipay_notify_url&version=1.0&app_id=9021000159639472&sign_type=RSA2&timestamp=2026-04-22+12%3A09%3A36&alipay_sdk=alipay-sdk-java-4.38.157.ALL&format=json">
<input type="hidden" name="biz_content" value="{&quot;out_trade_no&quot;:&quot;371751148478&quot;,&quot;total_amount&quot;:&quot;90.00&quot;,&quot;subject&quot;:&quot;测试商品&quot;,&quot;product_code&quot;:&quot;FAST_INSTANT_TRADE_PAY&quot;}">
<input type="submit" value="立即支付" style="display:none" >
</form>
<script>document.forms[0].submit();</script>
26-04-22.12:09:36.343 [main            ] INFO  AbstractOrderService   - 创建订单-完成，生成支付单。userid:gdk01 orderid:371751148478 payurl:<form name="punchout_form" method="post" action="https://openapi-sandbox.dl.alipaydev.com/gateway.do?charset=utf-8&method=alipay.trade.page.pay&sign=A8hgInNSnLjUme1GD7EKaMEaJVfZwmeuqEE87n6WsM0cDIiob73kDgG6jKCXXy7AwVhpSVK1Lww7J7TI2%2FLdFlrtwAeoSqzxQqE9Skw0rQXfhAlKIX8BYqWPU049Zm%2FGx5sPBJBMnVDbuRQpLXKCMX6tf%2FYsNZus30o9We3218kGAgewF102EFgUri5b1hYATVJJXLQGjDHjyf1RUAsLK4fJzR489wUkyM3ENk90g1fnz4H6C9XWbyuDAOFKk5U03jxr3hXa%2FACgGox4pxOlCROxJGzHsotPVITsVD3i8EDoCH9opyKHeUD7x%2BTzd%2FA%2BkiT06gIxyw8UpdYuy8RpSg%3D%3D&return_url=https%3A%2F%2Fgroup.daoha.top&notify_url=http%3A%2F%2Fdaoha.top%3A15555%2Fapi%2Fv1%2Falipay%2Falipay_notify_url&version=1.0&app_id=9021000159639472&sign_type=RSA2&timestamp=2026-04-22+12%3A09%3A36&alipay_sdk=alipay-sdk-java-4.38.157.ALL&format=json">
<input type="hidden" name="biz_content" value="{&quot;out_trade_no&quot;:&quot;371751148478&quot;,&quot;total_amount&quot;:&quot;90.00&quot;,&quot;subject&quot;:&quot;测试商品&quot;,&quot;product_code&quot;:&quot;FAST_INSTANT_TRADE_PAY&quot;}">
<input type="submit" value="立即支付" style="display:none" >
</form>
<script>document.forms[0].submit();</script>
26-04-22.12:09:36.357 [main            ] INFO  OrderServiceTest       - 请求参数:{"activityId":100123,"marketTypeVO":"GROUP_BUY_MARKET","productId":"9890001","userId":"gdk01"}
26-04-22.12:09:36.360 [main            ] INFO  OrderServiceTest       - 测试结果:{"orderId":"371751148478","payUrl":"<form name=\"punchout_form\" method=\"post\" action=\"https://openapi-sandbox.dl.alipaydev.com/gateway.do?charset=utf-8&method=alipay.trade.page.pay&sign=A8hgInNSnLjUme1GD7EKaMEaJVfZwmeuqEE87n6WsM0cDIiob73kDgG6jKCXXy7AwVhpSVK1Lww7J7TI2%2FLdFlrtwAeoSqzxQqE9Skw0rQXfhAlKIX8BYqWPU049Zm%2FGx5sPBJBMnVDbuRQpLXKCMX6tf%2FYsNZus30o9We3218kGAgewF102EFgUri5b1hYATVJJXLQGjDHjyf1RUAsLK4fJzR489wUkyM3ENk90g1fnz4H6C9XWbyuDAOFKk5U03jxr3hXa%2FACgGox4pxOlCROxJGzHsotPVITsVD3i8EDoCH9opyKHeUD7x%2BTzd%2FA%2BkiT06gIxyw8UpdYuy8RpSg%3D%3D&return_url=https%3A%2F%2Fgroup.daoha.top&notify_url=http%3A%2F%2Fdaoha.top%3A15555%2Fapi%2Fv1%2Falipay%2Falipay_notify_url&version=1.0&app_id=9021000159639472&sign_type=RSA2&timestamp=2026-04-22+12%3A09%3A36&alipay_sdk=alipay-sdk-java-4.38.157.ALL&format=json\">\n<input type=\"hidden\" name=\"biz_content\" value=\"{&quot;out_trade_no&quot;:&quot;371751148478&quot;,&quot;total_amount&quot;:&quot;90.00&quot;,&quot;subject&quot;:&quot;测试商品&quot;,&quot;product_code&quot;:&quot;FAST_INSTANT_TRADE_PAY&quot;}\">\n<input type=\"submit\" value=\"立即支付\" style=\"display:none\" >\n</form>\n<script>document.forms[0].submit();</script>"}
26-04-22.12:09:36.370 [SpringApplicationShutdownHook] INFO  HikariDataSource       - HikariPool-1 - Shutdown initiated...
26-04-22.12:09:36.374 [SpringApplicationShutdownHook] INFO  HikariDataSource       - HikariPool-1 - Shutdown completed.
26-04-22.12:14:27.731 [main            ] INFO  OrderServiceTest       - Starting OrderServiceTest using Java 17 on jjnice with PID 14116 (started by 24209 in D:\自学\java学习\小型支付商城\myddd\myddd-app)
26-04-22.12:14:27.731 [main            ] INFO  OrderServiceTest       - The following 1 profile is active: "dev"
26-04-22.12:14:30.623 [main            ] INFO  OrderServiceTest       - Started OrderServiceTest in 3.41 seconds (JVM running for 4.241)
26-04-22.12:14:31.168 [main            ] INFO  HikariDataSource       - HikariPool-1 - Starting...
26-04-22.12:14:31.417 [main            ] INFO  HikariDataSource       - HikariPool-1 - Start completed.
26-04-22.12:14:32.077 [main            ] INFO  ProductPort            - 营销锁单成功，请检查访问相关接口的结果 response:Response(code=0000, info=成功, data=LockMarketPayOrderResponseDTO(orderId=600176232112, originalPrice=100.00, deductionPrice=10.00, payPrice=90.00, status=0))
26-04-22.12:14:32.204 [main            ] INFO  OrderService           - 测试结果

把我复制到 index.html ->：<form name="punchout_form" method="post" action="https://openapi-sandbox.dl.alipaydev.com/gateway.do?charset=utf-8&method=alipay.trade.page.pay&sign=YkFSexYsJ%2ByiW4aCB%2FWVWAOnRgGhsPx02nar15ib3t0Sbahq2rgicaFNQ8ZZZ9vtUEWRBx8wkcwzxatOM2uSpQU2Zg3qqurme9u8VgfSUykireBzq8EaxBWb1hxL21T5%2FMtAO368i45Xqb9HVL2dKtB2o20pwRoAlmDxihRupS4oV8stJsPWGjeTtDWatrB46XjPe7A5JtMV0xDiXbJb7lWNxxvLm27LJHSAv%2FCBb4DW3Kc0YxiAOGcU21euFKJIVCHI%2FNjU1%2FBXoyZZOnvFmYyG3oYXa%2F%2FcolG3nu8x6EWMA2qsIilGmEALTsV8%2FyEodt6UOzig14G%2BvXxf5I1CtQ%3D%3D&return_url=https%3A%2F%2Fgroup.daoha.top&notify_url=http%3A%2F%2Fdaoha.top%3A15555%2Fapi%2Fv1%2Falipay%2Falipay_notify_url&version=1.0&app_id=9021000159639472&sign_type=RSA2&timestamp=2026-04-22+12%3A14%3A32&alipay_sdk=alipay-sdk-java-4.38.157.ALL&format=json">
<input type="hidden" name="biz_content" value="{&quot;out_trade_no&quot;:&quot;687690166223&quot;,&quot;total_amount&quot;:&quot;90.00&quot;,&quot;subject&quot;:&quot;测试商品&quot;,&quot;product_code&quot;:&quot;FAST_INSTANT_TRADE_PAY&quot;}">
<input type="submit" value="立即支付" style="display:none" >
</form>
<script>document.forms[0].submit();</script>
26-04-22.12:14:32.214 [main            ] INFO  AbstractOrderService   - 创建订单-完成，生成支付单。userid:gdk02 orderid:687690166223 payurl:<form name="punchout_form" method="post" action="https://openapi-sandbox.dl.alipaydev.com/gateway.do?charset=utf-8&method=alipay.trade.page.pay&sign=YkFSexYsJ%2ByiW4aCB%2FWVWAOnRgGhsPx02nar15ib3t0Sbahq2rgicaFNQ8ZZZ9vtUEWRBx8wkcwzxatOM2uSpQU2Zg3qqurme9u8VgfSUykireBzq8EaxBWb1hxL21T5%2FMtAO368i45Xqb9HVL2dKtB2o20pwRoAlmDxihRupS4oV8stJsPWGjeTtDWatrB46XjPe7A5JtMV0xDiXbJb7lWNxxvLm27LJHSAv%2FCBb4DW3Kc0YxiAOGcU21euFKJIVCHI%2FNjU1%2FBXoyZZOnvFmYyG3oYXa%2F%2FcolG3nu8x6EWMA2qsIilGmEALTsV8%2FyEodt6UOzig14G%2BvXxf5I1CtQ%3D%3D&return_url=https%3A%2F%2Fgroup.daoha.top&notify_url=http%3A%2F%2Fdaoha.top%3A15555%2Fapi%2Fv1%2Falipay%2Falipay_notify_url&version=1.0&app_id=9021000159639472&sign_type=RSA2&timestamp=2026-04-22+12%3A14%3A32&alipay_sdk=alipay-sdk-java-4.38.157.ALL&format=json">
<input type="hidden" name="biz_content" value="{&quot;out_trade_no&quot;:&quot;687690166223&quot;,&quot;total_amount&quot;:&quot;90.00&quot;,&quot;subject&quot;:&quot;测试商品&quot;,&quot;product_code&quot;:&quot;FAST_INSTANT_TRADE_PAY&quot;}">
<input type="submit" value="立即支付" style="display:none" >
</form>
<script>document.forms[0].submit();</script>
26-04-22.12:14:32.228 [main            ] INFO  OrderServiceTest       - 请求参数:{"activityId":100123,"marketTypeVO":"GROUP_BUY_MARKET","productId":"9890001","userId":"gdk02"}
26-04-22.12:14:32.232 [main            ] INFO  OrderServiceTest       - 测试结果:{"orderId":"687690166223","payUrl":"<form name=\"punchout_form\" method=\"post\" action=\"https://openapi-sandbox.dl.alipaydev.com/gateway.do?charset=utf-8&method=alipay.trade.page.pay&sign=YkFSexYsJ%2ByiW4aCB%2FWVWAOnRgGhsPx02nar15ib3t0Sbahq2rgicaFNQ8ZZZ9vtUEWRBx8wkcwzxatOM2uSpQU2Zg3qqurme9u8VgfSUykireBzq8EaxBWb1hxL21T5%2FMtAO368i45Xqb9HVL2dKtB2o20pwRoAlmDxihRupS4oV8stJsPWGjeTtDWatrB46XjPe7A5JtMV0xDiXbJb7lWNxxvLm27LJHSAv%2FCBb4DW3Kc0YxiAOGcU21euFKJIVCHI%2FNjU1%2FBXoyZZOnvFmYyG3oYXa%2F%2FcolG3nu8x6EWMA2qsIilGmEALTsV8%2FyEodt6UOzig14G%2BvXxf5I1CtQ%3D%3D&return_url=https%3A%2F%2Fgroup.daoha.top&notify_url=http%3A%2F%2Fdaoha.top%3A15555%2Fapi%2Fv1%2Falipay%2Falipay_notify_url&version=1.0&app_id=9021000159639472&sign_type=RSA2&timestamp=2026-04-22+12%3A14%3A32&alipay_sdk=alipay-sdk-java-4.38.157.ALL&format=json\">\n<input type=\"hidden\" name=\"biz_content\" value=\"{&quot;out_trade_no&quot;:&quot;687690166223&quot;,&quot;total_amount&quot;:&quot;90.00&quot;,&quot;subject&quot;:&quot;测试商品&quot;,&quot;product_code&quot;:&quot;FAST_INSTANT_TRADE_PAY&quot;}\">\n<input type=\"submit\" value=\"立即支付\" style=\"display:none\" >\n</form>\n<script>document.forms[0].submit();</script>"}
26-04-22.12:14:32.242 [SpringApplicationShutdownHook] INFO  HikariDataSource       - HikariPool-1 - Shutdown initiated...
26-04-22.12:14:32.248 [SpringApplicationShutdownHook] INFO  HikariDataSource       - HikariPool-1 - Shutdown completed.
26-04-22.12:18:32.611 [main            ] INFO  OrderServiceTest       - Starting OrderServiceTest using Java 17 on jjnice with PID 19448 (started by 24209 in D:\自学\java学习\小型支付商城\myddd\myddd-app)
26-04-22.12:18:32.612 [main            ] INFO  OrderServiceTest       - The following 1 profile is active: "dev"
26-04-22.12:18:35.519 [main            ] INFO  OrderServiceTest       - Started OrderServiceTest in 3.369 seconds (JVM running for 4.186)
26-04-22.12:18:36.045 [main            ] INFO  HikariDataSource       - HikariPool-1 - Starting...
26-04-22.12:18:36.297 [main            ] INFO  HikariDataSource       - HikariPool-1 - Start completed.
26-04-22.12:18:36.851 [main            ] INFO  ProductPort            - 营销锁单成功，请检查访问相关接口的结果 response:Response(code=0000, info=成功, data=LockMarketPayOrderResponseDTO(orderId=633670191971, originalPrice=100.00, deductionPrice=10.00, payPrice=90.00, status=0))
26-04-22.12:18:36.978 [main            ] INFO  OrderService           - 测试结果

把我复制到 index.html ->：<form name="punchout_form" method="post" action="https://openapi-sandbox.dl.alipaydev.com/gateway.do?charset=utf-8&method=alipay.trade.page.pay&sign=emQ5oIVM5u3%2Fu6MUyQERVPxF8Sp5vPth1IOLQrbeA4bPyDYwiYLvEsB7W3oAufWAIzr%2FebImRtWrvFIE%2B7lv%2F4c%2Fcfoundqj0n%2Fd63bK%2BOfkt0GPpVguThzg%2FlC2%2BbOE9MvsF5A5qcpy%2BwvnkJs3aWJWKQbDtxLlvY2gwTq20UW53NYoCwRVv328y11xZWLWjgGIT4lFdjvWi7S5bVkIJCjTCmYnqDLC5Qi3a7DR6547I26wV%2BcciAWEDVaMI2%2F1bs%2BPzF0BaMW7IuLCpibmY7v8PkOcwSihXn18VtFYde%2FUK03FuAUcVymHIVw0jobvbPlDRz0xcB%2FiRMGcJU5cZw%3D%3D&return_url=https%3A%2F%2Fgroup.daoha.top&notify_url=http%3A%2F%2Fdaoha.top%3A15555%2Fapi%2Fv1%2Falipay%2Falipay_notify_url&version=1.0&app_id=9021000159639472&sign_type=RSA2&timestamp=2026-04-22+12%3A18%3A36&alipay_sdk=alipay-sdk-java-4.38.157.ALL&format=json">
<input type="hidden" name="biz_content" value="{&quot;out_trade_no&quot;:&quot;159378357606&quot;,&quot;total_amount&quot;:&quot;90.00&quot;,&quot;subject&quot;:&quot;测试商品&quot;,&quot;product_code&quot;:&quot;FAST_INSTANT_TRADE_PAY&quot;}">
<input type="submit" value="立即支付" style="display:none" >
</form>
<script>document.forms[0].submit();</script>
26-04-22.12:18:36.991 [main            ] INFO  AbstractOrderService   - 创建订单-完成，生成支付单。userid:gdk02 orderid:159378357606 payurl:<form name="punchout_form" method="post" action="https://openapi-sandbox.dl.alipaydev.com/gateway.do?charset=utf-8&method=alipay.trade.page.pay&sign=emQ5oIVM5u3%2Fu6MUyQERVPxF8Sp5vPth1IOLQrbeA4bPyDYwiYLvEsB7W3oAufWAIzr%2FebImRtWrvFIE%2B7lv%2F4c%2Fcfoundqj0n%2Fd63bK%2BOfkt0GPpVguThzg%2FlC2%2BbOE9MvsF5A5qcpy%2BwvnkJs3aWJWKQbDtxLlvY2gwTq20UW53NYoCwRVv328y11xZWLWjgGIT4lFdjvWi7S5bVkIJCjTCmYnqDLC5Qi3a7DR6547I26wV%2BcciAWEDVaMI2%2F1bs%2BPzF0BaMW7IuLCpibmY7v8PkOcwSihXn18VtFYde%2FUK03FuAUcVymHIVw0jobvbPlDRz0xcB%2FiRMGcJU5cZw%3D%3D&return_url=https%3A%2F%2Fgroup.daoha.top&notify_url=http%3A%2F%2Fdaoha.top%3A15555%2Fapi%2Fv1%2Falipay%2Falipay_notify_url&version=1.0&app_id=9021000159639472&sign_type=RSA2&timestamp=2026-04-22+12%3A18%3A36&alipay_sdk=alipay-sdk-java-4.38.157.ALL&format=json">
<input type="hidden" name="biz_content" value="{&quot;out_trade_no&quot;:&quot;159378357606&quot;,&quot;total_amount&quot;:&quot;90.00&quot;,&quot;subject&quot;:&quot;测试商品&quot;,&quot;product_code&quot;:&quot;FAST_INSTANT_TRADE_PAY&quot;}">
<input type="submit" value="立即支付" style="display:none" >
</form>
<script>document.forms[0].submit();</script>
26-04-22.12:18:37.006 [main            ] INFO  OrderServiceTest       - 请求参数:{"activityId":100123,"marketTypeVO":"GROUP_BUY_MARKET","productId":"9890001","userId":"gdk02"}
26-04-22.12:18:37.009 [main            ] INFO  OrderServiceTest       - 测试结果:{"orderId":"159378357606","payUrl":"<form name=\"punchout_form\" method=\"post\" action=\"https://openapi-sandbox.dl.alipaydev.com/gateway.do?charset=utf-8&method=alipay.trade.page.pay&sign=emQ5oIVM5u3%2Fu6MUyQERVPxF8Sp5vPth1IOLQrbeA4bPyDYwiYLvEsB7W3oAufWAIzr%2FebImRtWrvFIE%2B7lv%2F4c%2Fcfoundqj0n%2Fd63bK%2BOfkt0GPpVguThzg%2FlC2%2BbOE9MvsF5A5qcpy%2BwvnkJs3aWJWKQbDtxLlvY2gwTq20UW53NYoCwRVv328y11xZWLWjgGIT4lFdjvWi7S5bVkIJCjTCmYnqDLC5Qi3a7DR6547I26wV%2BcciAWEDVaMI2%2F1bs%2BPzF0BaMW7IuLCpibmY7v8PkOcwSihXn18VtFYde%2FUK03FuAUcVymHIVw0jobvbPlDRz0xcB%2FiRMGcJU5cZw%3D%3D&return_url=https%3A%2F%2Fgroup.daoha.top&notify_url=http%3A%2F%2Fdaoha.top%3A15555%2Fapi%2Fv1%2Falipay%2Falipay_notify_url&version=1.0&app_id=9021000159639472&sign_type=RSA2&timestamp=2026-04-22+12%3A18%3A36&alipay_sdk=alipay-sdk-java-4.38.157.ALL&format=json\">\n<input type=\"hidden\" name=\"biz_content\" value=\"{&quot;out_trade_no&quot;:&quot;159378357606&quot;,&quot;total_amount&quot;:&quot;90.00&quot;,&quot;subject&quot;:&quot;测试商品&quot;,&quot;product_code&quot;:&quot;FAST_INSTANT_TRADE_PAY&quot;}\">\n<input type=\"submit\" value=\"立即支付\" style=\"display:none\" >\n</form>\n<script>document.forms[0].submit();</script>"}
26-04-22.12:18:37.019 [SpringApplicationShutdownHook] INFO  HikariDataSource       - HikariPool-1 - Shutdown initiated...
26-04-22.12:18:37.025 [SpringApplicationShutdownHook] INFO  HikariDataSource       - HikariPool-1 - Shutdown completed.
26-04-22.13:14:15.929 [main            ] INFO  OrderServiceTest       - Starting OrderServiceTest using Java 17 on jjnice with PID 36532 (started by 24209 in D:\自学\java学习\小型支付商城\myddd\myddd-app)
26-04-22.13:14:15.931 [main            ] INFO  OrderServiceTest       - The following 1 profile is active: "dev"
26-04-22.13:14:19.194 [main            ] INFO  OrderServiceTest       - Started OrderServiceTest in 3.743 seconds (JVM running for 4.66)
26-04-22.13:14:19.816 [main            ] INFO  HikariDataSource       - HikariPool-1 - Starting...
26-04-22.13:14:20.137 [main            ] INFO  HikariDataSource       - HikariPool-1 - Start completed.
26-04-22.13:14:20.749 [main            ] INFO  ProductPort            - 营销锁单成功，请检查访问相关接口的结果 response:Response(code=0000, info=成功, data=LockMarketPayOrderResponseDTO(orderId=983283493127, originalPrice=100.00, deductionPrice=10.00, payPrice=90.00, status=0))
26-04-22.13:14:20.877 [main            ] INFO  OrderService           - 测试结果

把我复制到 index.html ->：<form name="punchout_form" method="post" action="https://openapi-sandbox.dl.alipaydev.com/gateway.do?charset=utf-8&method=alipay.trade.page.pay&sign=Ow5uDDlHvKMaqebZEEpyfuEYEatPGfn9DRg%2Fs4v9gWqvLd06o7M5Zvk05iw2nDLUV1I7PCQbOOlDD1ytD%2BzU67xZH%2Biq%2BGVyYg2dKpwUchfkqk3U60SyIXSKhDSfpvsU953IhceAiTrcCDhsnW4GRoc%2BF6jwKKCIF6ZKDAH87w9MD4wz%2F75n8PiMcShG4gXi5AZWZPBzC%2F0wnE1l7vscs0sS5MNt1gceduu7CG30c4i8OadvpMFibPxxS%2FZ%2F1nf1LT9OI3rc3Dr%2FZfTMzFJcifBcWJxaYa1RlGO5rQra0jjGiUPErn9whmUtcDAQfoDMLl6k7jpBbCaYrR3sj3Ebzg%3D%3D&return_url=https%3A%2F%2Fgroup.daoha.top&notify_url=http%3A%2F%2Fdaoha.top%3A15555%2Fapi%2Fv1%2Falipay%2Falipay_notify_url&version=1.0&app_id=9021000159639472&sign_type=RSA2&timestamp=2026-04-22+13%3A14%3A20&alipay_sdk=alipay-sdk-java-4.38.157.ALL&format=json">
<input type="hidden" name="biz_content" value="{&quot;out_trade_no&quot;:&quot;094501265079&quot;,&quot;total_amount&quot;:&quot;90.00&quot;,&quot;subject&quot;:&quot;测试商品&quot;,&quot;product_code&quot;:&quot;FAST_INSTANT_TRADE_PAY&quot;}">
<input type="submit" value="立即支付" style="display:none" >
</form>
<script>document.forms[0].submit();</script>
26-04-22.13:14:20.890 [main            ] INFO  AbstractOrderService   - 创建订单-完成，生成支付单。userid:gdk02 orderid:094501265079 payurl:<form name="punchout_form" method="post" action="https://openapi-sandbox.dl.alipaydev.com/gateway.do?charset=utf-8&method=alipay.trade.page.pay&sign=Ow5uDDlHvKMaqebZEEpyfuEYEatPGfn9DRg%2Fs4v9gWqvLd06o7M5Zvk05iw2nDLUV1I7PCQbOOlDD1ytD%2BzU67xZH%2Biq%2BGVyYg2dKpwUchfkqk3U60SyIXSKhDSfpvsU953IhceAiTrcCDhsnW4GRoc%2BF6jwKKCIF6ZKDAH87w9MD4wz%2F75n8PiMcShG4gXi5AZWZPBzC%2F0wnE1l7vscs0sS5MNt1gceduu7CG30c4i8OadvpMFibPxxS%2FZ%2F1nf1LT9OI3rc3Dr%2FZfTMzFJcifBcWJxaYa1RlGO5rQra0jjGiUPErn9whmUtcDAQfoDMLl6k7jpBbCaYrR3sj3Ebzg%3D%3D&return_url=https%3A%2F%2Fgroup.daoha.top&notify_url=http%3A%2F%2Fdaoha.top%3A15555%2Fapi%2Fv1%2Falipay%2Falipay_notify_url&version=1.0&app_id=9021000159639472&sign_type=RSA2&timestamp=2026-04-22+13%3A14%3A20&alipay_sdk=alipay-sdk-java-4.38.157.ALL&format=json">
<input type="hidden" name="biz_content" value="{&quot;out_trade_no&quot;:&quot;094501265079&quot;,&quot;total_amount&quot;:&quot;90.00&quot;,&quot;subject&quot;:&quot;测试商品&quot;,&quot;product_code&quot;:&quot;FAST_INSTANT_TRADE_PAY&quot;}">
<input type="submit" value="立即支付" style="display:none" >
</form>
<script>document.forms[0].submit();</script>
26-04-22.13:14:20.905 [main            ] INFO  OrderServiceTest       - 请求参数:{"activityId":100123,"marketTypeVO":"GROUP_BUY_MARKET","productId":"9890001","userId":"gdk02"}
26-04-22.13:14:20.908 [main            ] INFO  OrderServiceTest       - 测试结果:{"orderId":"094501265079","payUrl":"<form name=\"punchout_form\" method=\"post\" action=\"https://openapi-sandbox.dl.alipaydev.com/gateway.do?charset=utf-8&method=alipay.trade.page.pay&sign=Ow5uDDlHvKMaqebZEEpyfuEYEatPGfn9DRg%2Fs4v9gWqvLd06o7M5Zvk05iw2nDLUV1I7PCQbOOlDD1ytD%2BzU67xZH%2Biq%2BGVyYg2dKpwUchfkqk3U60SyIXSKhDSfpvsU953IhceAiTrcCDhsnW4GRoc%2BF6jwKKCIF6ZKDAH87w9MD4wz%2F75n8PiMcShG4gXi5AZWZPBzC%2F0wnE1l7vscs0sS5MNt1gceduu7CG30c4i8OadvpMFibPxxS%2FZ%2F1nf1LT9OI3rc3Dr%2FZfTMzFJcifBcWJxaYa1RlGO5rQra0jjGiUPErn9whmUtcDAQfoDMLl6k7jpBbCaYrR3sj3Ebzg%3D%3D&return_url=https%3A%2F%2Fgroup.daoha.top&notify_url=http%3A%2F%2Fdaoha.top%3A15555%2Fapi%2Fv1%2Falipay%2Falipay_notify_url&version=1.0&app_id=9021000159639472&sign_type=RSA2&timestamp=2026-04-22+13%3A14%3A20&alipay_sdk=alipay-sdk-java-4.38.157.ALL&format=json\">\n<input type=\"hidden\" name=\"biz_content\" value=\"{&quot;out_trade_no&quot;:&quot;094501265079&quot;,&quot;total_amount&quot;:&quot;90.00&quot;,&quot;subject&quot;:&quot;测试商品&quot;,&quot;product_code&quot;:&quot;FAST_INSTANT_TRADE_PAY&quot;}\">\n<input type=\"submit\" value=\"立即支付\" style=\"display:none\" >\n</form>\n<script>document.forms[0].submit();</script>"}
26-04-22.13:14:20.919 [SpringApplicationShutdownHook] INFO  HikariDataSource       - HikariPool-1 - Shutdown initiated...
26-04-22.13:14:20.926 [SpringApplicationShutdownHook] INFO  HikariDataSource       - HikariPool-1 - Shutdown completed.
26-04-22.13:17:51.425 [main            ] INFO  OrderServiceTest       - Starting OrderServiceTest using Java 17 on jjnice with PID 32920 (started by 24209 in D:\自学\java学习\小型支付商城\myddd\myddd-app)
26-04-22.13:17:51.426 [main            ] INFO  OrderServiceTest       - The following 1 profile is active: "dev"
26-04-22.13:17:54.236 [main            ] INFO  OrderServiceTest       - Started OrderServiceTest in 3.26 seconds (JVM running for 4.108)
26-04-22.13:17:54.723 [main            ] INFO  HikariDataSource       - HikariPool-1 - Starting...
26-04-22.13:17:54.970 [main            ] INFO  HikariDataSource       - HikariPool-1 - Start completed.
26-04-22.13:17:55.377 [main            ] INFO  ProductPort            - 营销锁单成功，请检查访问相关接口的结果 response:Response(code=0000, info=成功, data=LockMarketPayOrderResponseDTO(orderId=727358472924, originalPrice=100.00, deductionPrice=10.00, payPrice=90.00, status=0))
26-04-22.13:17:55.530 [main            ] INFO  OrderService           - 测试结果

把我复制到 index.html ->：<form name="punchout_form" method="post" action="https://openapi-sandbox.dl.alipaydev.com/gateway.do?charset=utf-8&method=alipay.trade.page.pay&sign=bxycnE3X4dI17lQu%2F%2BXv8hpdqJCn6w1Y3vd9Vz6Bxj0ndR%2BczrG9kpkheGSSFrbX%2F%2FG68S88NShEe8CJcE6K4Tzcp0N2VBWFsqQGZSQ0ryeTwUgWN6M2fEdyBfpKXMCBPl7AYNkUmPafYrS3Nr3oFpxCptUf8%2FbZipF8%2Fh9I6VvXZYwktic21ryCPng8xySyMCS81qA4QGETLmbP6LCsITr%2BGSfwa83AA6xLm%2FQk3bm5IwI%2F3bnol3%2FWv8xfF1LnNC8c%2FgcZPI49to3Gaxw3ZIN5WynbAX1MSx2BHoXbvWht6PR7JDZcrJQ0fjRa6L66q0W8jldGQbCTkiCBxs%2BMug%3D%3D&return_url=https%3A%2F%2Fgroup.daoha.top&notify_url=http%3A%2F%2Fdaoha.top%3A15555%2Fapi%2Fv1%2Falipay%2Falipay_notify_url&version=1.0&app_id=9021000159639472&sign_type=RSA2&timestamp=2026-04-22+13%3A17%3A55&alipay_sdk=alipay-sdk-java-4.38.157.ALL&format=json">
<input type="hidden" name="biz_content" value="{&quot;out_trade_no&quot;:&quot;414194741505&quot;,&quot;total_amount&quot;:&quot;90.00&quot;,&quot;subject&quot;:&quot;测试商品&quot;,&quot;product_code&quot;:&quot;FAST_INSTANT_TRADE_PAY&quot;}">
<input type="submit" value="立即支付" style="display:none" >
</form>
<script>document.forms[0].submit();</script>
26-04-22.13:17:55.544 [main            ] INFO  AbstractOrderService   - 创建订单-完成，生成支付单。userid:gdk03 orderid:414194741505 payurl:<form name="punchout_form" method="post" action="https://openapi-sandbox.dl.alipaydev.com/gateway.do?charset=utf-8&method=alipay.trade.page.pay&sign=bxycnE3X4dI17lQu%2F%2BXv8hpdqJCn6w1Y3vd9Vz6Bxj0ndR%2BczrG9kpkheGSSFrbX%2F%2FG68S88NShEe8CJcE6K4Tzcp0N2VBWFsqQGZSQ0ryeTwUgWN6M2fEdyBfpKXMCBPl7AYNkUmPafYrS3Nr3oFpxCptUf8%2FbZipF8%2Fh9I6VvXZYwktic21ryCPng8xySyMCS81qA4QGETLmbP6LCsITr%2BGSfwa83AA6xLm%2FQk3bm5IwI%2F3bnol3%2FWv8xfF1LnNC8c%2FgcZPI49to3Gaxw3ZIN5WynbAX1MSx2BHoXbvWht6PR7JDZcrJQ0fjRa6L66q0W8jldGQbCTkiCBxs%2BMug%3D%3D&return_url=https%3A%2F%2Fgroup.daoha.top&notify_url=http%3A%2F%2Fdaoha.top%3A15555%2Fapi%2Fv1%2Falipay%2Falipay_notify_url&version=1.0&app_id=9021000159639472&sign_type=RSA2&timestamp=2026-04-22+13%3A17%3A55&alipay_sdk=alipay-sdk-java-4.38.157.ALL&format=json">
<input type="hidden" name="biz_content" value="{&quot;out_trade_no&quot;:&quot;414194741505&quot;,&quot;total_amount&quot;:&quot;90.00&quot;,&quot;subject&quot;:&quot;测试商品&quot;,&quot;product_code&quot;:&quot;FAST_INSTANT_TRADE_PAY&quot;}">
<input type="submit" value="立即支付" style="display:none" >
</form>
<script>document.forms[0].submit();</script>
26-04-22.13:17:55.562 [main            ] INFO  OrderServiceTest       - 请求参数:{"activityId":100123,"marketTypeVO":"GROUP_BUY_MARKET","productId":"9890001","userId":"gdk03"}
26-04-22.13:17:55.565 [main            ] INFO  OrderServiceTest       - 测试结果:{"orderId":"414194741505","payUrl":"<form name=\"punchout_form\" method=\"post\" action=\"https://openapi-sandbox.dl.alipaydev.com/gateway.do?charset=utf-8&method=alipay.trade.page.pay&sign=bxycnE3X4dI17lQu%2F%2BXv8hpdqJCn6w1Y3vd9Vz6Bxj0ndR%2BczrG9kpkheGSSFrbX%2F%2FG68S88NShEe8CJcE6K4Tzcp0N2VBWFsqQGZSQ0ryeTwUgWN6M2fEdyBfpKXMCBPl7AYNkUmPafYrS3Nr3oFpxCptUf8%2FbZipF8%2Fh9I6VvXZYwktic21ryCPng8xySyMCS81qA4QGETLmbP6LCsITr%2BGSfwa83AA6xLm%2FQk3bm5IwI%2F3bnol3%2FWv8xfF1LnNC8c%2FgcZPI49to3Gaxw3ZIN5WynbAX1MSx2BHoXbvWht6PR7JDZcrJQ0fjRa6L66q0W8jldGQbCTkiCBxs%2BMug%3D%3D&return_url=https%3A%2F%2Fgroup.daoha.top&notify_url=http%3A%2F%2Fdaoha.top%3A15555%2Fapi%2Fv1%2Falipay%2Falipay_notify_url&version=1.0&app_id=9021000159639472&sign_type=RSA2&timestamp=2026-04-22+13%3A17%3A55&alipay_sdk=alipay-sdk-java-4.38.157.ALL&format=json\">\n<input type=\"hidden\" name=\"biz_content\" value=\"{&quot;out_trade_no&quot;:&quot;414194741505&quot;,&quot;total_amount&quot;:&quot;90.00&quot;,&quot;subject&quot;:&quot;测试商品&quot;,&quot;product_code&quot;:&quot;FAST_INSTANT_TRADE_PAY&quot;}\">\n<input type=\"submit\" value=\"立即支付\" style=\"display:none\" >\n</form>\n<script>document.forms[0].submit();</script>"}
26-04-22.13:17:55.576 [SpringApplicationShutdownHook] INFO  HikariDataSource       - HikariPool-1 - Shutdown initiated...
26-04-22.13:17:55.582 [SpringApplicationShutdownHook] INFO  HikariDataSource       - HikariPool-1 - Shutdown completed.
26-04-22.13:26:12.928 [main            ] INFO  OrderServiceTest       - Starting OrderServiceTest using Java 17 on jjnice with PID 28388 (started by 24209 in D:\自学\java学习\小型支付商城\myddd\myddd-app)
26-04-22.13:26:12.930 [main            ] INFO  OrderServiceTest       - The following 1 profile is active: "dev"
26-04-22.13:26:16.207 [main            ] INFO  OrderServiceTest       - Started OrderServiceTest in 3.729 seconds (JVM running for 4.521)
26-04-22.13:26:16.815 [main            ] INFO  HikariDataSource       - HikariPool-1 - Starting...
26-04-22.13:26:17.112 [main            ] INFO  HikariDataSource       - HikariPool-1 - Start completed.
26-04-22.13:26:17.678 [main            ] INFO  ProductPort            - 营销锁单成功，请检查访问相关接口的结果 response:Response(code=0000, info=成功, data=LockMarketPayOrderResponseDTO(orderId=778051076478, originalPrice=100.00, deductionPrice=10.00, payPrice=90.00, status=0))
26-04-22.13:26:17.832 [main            ] INFO  OrderService           - 测试结果

把我复制到 index.html ->：<form name="punchout_form" method="post" action="https://openapi-sandbox.dl.alipaydev.com/gateway.do?charset=utf-8&method=alipay.trade.page.pay&sign=F6LsG1bMNLoD6c%2FoclP1j%2Fw7V%2F3%2FVwGOkcLZhIlIAqBIaVE3t7WZfKVCAjoppiPG%2B4mOrOYU%2FkGZOQca15ke1wlzCjhfs%2BEpmGxar9OMbgp6nBhMcjrCzrHfWw81%2FpboT%2FE9Ts2%2Bki84%2BguxnJyTmBs743AJwetIInIoSDSbzLr6ScbUA%2Fs%2BxH3tCWbxRtS1jwo7RWXs9JifYZlwU24tyS4MQD3zsdsLf1BbVOqnLPKehcANcx8NyTJQ%2BCq0XNsFk318kKJDeO6PgeP4G0wekAZBAC%2BBxrDh4pBLAvx3O6K%2BlRIJVPSL6OljgZO5AnRvuMEdXHJx4pTjGvjokyGmaw%3D%3D&return_url=https%3A%2F%2Fgroup.daoha.top&notify_url=http%3A%2F%2Fdaoha.top%3A15555%2Fapi%2Fv1%2Falipay%2Falipay_notify_url&version=1.0&app_id=9021000159639472&sign_type=RSA2&timestamp=2026-04-22+13%3A26%3A17&alipay_sdk=alipay-sdk-java-4.38.157.ALL&format=json">
<input type="hidden" name="biz_content" value="{&quot;out_trade_no&quot;:&quot;471039501395&quot;,&quot;total_amount&quot;:&quot;90.00&quot;,&quot;subject&quot;:&quot;测试商品&quot;,&quot;product_code&quot;:&quot;FAST_INSTANT_TRADE_PAY&quot;}">
<input type="submit" value="立即支付" style="display:none" >
</form>
<script>document.forms[0].submit();</script>
26-04-22.13:26:17.844 [main            ] INFO  AbstractOrderService   - 创建订单-完成，生成支付单。userid:gdk03 orderid:471039501395 payurl:<form name="punchout_form" method="post" action="https://openapi-sandbox.dl.alipaydev.com/gateway.do?charset=utf-8&method=alipay.trade.page.pay&sign=F6LsG1bMNLoD6c%2FoclP1j%2Fw7V%2F3%2FVwGOkcLZhIlIAqBIaVE3t7WZfKVCAjoppiPG%2B4mOrOYU%2FkGZOQca15ke1wlzCjhfs%2BEpmGxar9OMbgp6nBhMcjrCzrHfWw81%2FpboT%2FE9Ts2%2Bki84%2BguxnJyTmBs743AJwetIInIoSDSbzLr6ScbUA%2Fs%2BxH3tCWbxRtS1jwo7RWXs9JifYZlwU24tyS4MQD3zsdsLf1BbVOqnLPKehcANcx8NyTJQ%2BCq0XNsFk318kKJDeO6PgeP4G0wekAZBAC%2BBxrDh4pBLAvx3O6K%2BlRIJVPSL6OljgZO5AnRvuMEdXHJx4pTjGvjokyGmaw%3D%3D&return_url=https%3A%2F%2Fgroup.daoha.top&notify_url=http%3A%2F%2Fdaoha.top%3A15555%2Fapi%2Fv1%2Falipay%2Falipay_notify_url&version=1.0&app_id=9021000159639472&sign_type=RSA2&timestamp=2026-04-22+13%3A26%3A17&alipay_sdk=alipay-sdk-java-4.38.157.ALL&format=json">
<input type="hidden" name="biz_content" value="{&quot;out_trade_no&quot;:&quot;471039501395&quot;,&quot;total_amount&quot;:&quot;90.00&quot;,&quot;subject&quot;:&quot;测试商品&quot;,&quot;product_code&quot;:&quot;FAST_INSTANT_TRADE_PAY&quot;}">
<input type="submit" value="立即支付" style="display:none" >
</form>
<script>document.forms[0].submit();</script>
26-04-22.13:26:17.859 [main            ] INFO  OrderServiceTest       - 请求参数:{"activityId":100123,"marketTypeVO":"GROUP_BUY_MARKET","productId":"9890001","userId":"gdk03"}
26-04-22.13:26:17.862 [main            ] INFO  OrderServiceTest       - 测试结果:{"orderId":"471039501395","payUrl":"<form name=\"punchout_form\" method=\"post\" action=\"https://openapi-sandbox.dl.alipaydev.com/gateway.do?charset=utf-8&method=alipay.trade.page.pay&sign=F6LsG1bMNLoD6c%2FoclP1j%2Fw7V%2F3%2FVwGOkcLZhIlIAqBIaVE3t7WZfKVCAjoppiPG%2B4mOrOYU%2FkGZOQca15ke1wlzCjhfs%2BEpmGxar9OMbgp6nBhMcjrCzrHfWw81%2FpboT%2FE9Ts2%2Bki84%2BguxnJyTmBs743AJwetIInIoSDSbzLr6ScbUA%2Fs%2BxH3tCWbxRtS1jwo7RWXs9JifYZlwU24tyS4MQD3zsdsLf1BbVOqnLPKehcANcx8NyTJQ%2BCq0XNsFk318kKJDeO6PgeP4G0wekAZBAC%2BBxrDh4pBLAvx3O6K%2BlRIJVPSL6OljgZO5AnRvuMEdXHJx4pTjGvjokyGmaw%3D%3D&return_url=https%3A%2F%2Fgroup.daoha.top&notify_url=http%3A%2F%2Fdaoha.top%3A15555%2Fapi%2Fv1%2Falipay%2Falipay_notify_url&version=1.0&app_id=9021000159639472&sign_type=RSA2&timestamp=2026-04-22+13%3A26%3A17&alipay_sdk=alipay-sdk-java-4.38.157.ALL&format=json\">\n<input type=\"hidden\" name=\"biz_content\" value=\"{&quot;out_trade_no&quot;:&quot;471039501395&quot;,&quot;total_amount&quot;:&quot;90.00&quot;,&quot;subject&quot;:&quot;测试商品&quot;,&quot;product_code&quot;:&quot;FAST_INSTANT_TRADE_PAY&quot;}\">\n<input type=\"submit\" value=\"立即支付\" style=\"display:none\" >\n</form>\n<script>document.forms[0].submit();</script>"}
26-04-22.13:26:17.872 [SpringApplicationShutdownHook] INFO  HikariDataSource       - HikariPool-1 - Shutdown initiated...
26-04-22.13:26:17.878 [SpringApplicationShutdownHook] INFO  HikariDataSource       - HikariPool-1 - Shutdown completed.
